// Jest Snapshot v1, https://goo.gl/fbAQLP

exports[`Column matches snapshot 1`] = `
ShallowWrapper {
  "length": 1,
  Symbol(enzyme.__root__): [Circular],
  Symbol(enzyme.__unrendered__): <Column
    headingMessage="abcd"
    items={
      Array [
        "abcd",
      ]
    }
  />,
  Symbol(enzyme.__renderer__): Object {
    "batchedUpdates": [Function],
    "getNode": [Function],
    "render": [Function],
    "simulateEvent": [Function],
    "unmount": [Function],
  },
  Symbol(enzyme.__node__): Object {
    "instance": null,
    "key": undefined,
    "nodeType": "host",
    "props": Object {
      "children": Array [
        <li
          className="column__heading"
        >
          abcd
        </li>,
        Array [
          <ColumnNode>
            abcd
          </ColumnNode>,
        ],
      ],
      "className": "column",
    },
    "ref": null,
    "rendered": Array [
      Object {
        "instance": null,
        "key": undefined,
        "nodeType": "host",
        "props": Object {
          "children": "abcd",
          "className": "column__heading",
        },
        "ref": null,
        "rendered": "abcd",
        "type": "li",
      },
      Object {
        "instance": null,
        "key": "0",
        "nodeType": "function",
        "props": Object {
          "children": "abcd",
        },
        "ref": null,
        "rendered": "abcd",
        "type": [Function],
      },
    ],
    "type": "ul",
  },
  Symbol(enzyme.__nodes__): Array [
    Object {
      "instance": null,
      "key": undefined,
      "nodeType": "host",
      "props": Object {
        "children": Array [
          <li
            className="column__heading"
          >
            abcd
          </li>,
          Array [
            <ColumnNode>
              abcd
            </ColumnNode>,
          ],
        ],
        "className": "column",
      },
      "ref": null,
      "rendered": Array [
        Object {
          "instance": null,
          "key": undefined,
          "nodeType": "host",
          "props": Object {
            "children": "abcd",
            "className": "column__heading",
          },
          "ref": null,
          "rendered": "abcd",
          "type": "li",
        },
        Object {
          "instance": null,
          "key": "0",
          "nodeType": "function",
          "props": Object {
            "children": "abcd",
          },
          "ref": null,
          "rendered": "abcd",
          "type": [Function],
        },
      ],
      "type": "ul",
    },
  ],
  Symbol(enzyme.__options__): Object {
    "adapter": ReactSixteenAdapter {
      "options": Object {
        "enableComponentDidUpdateOnSetState": true,
      },
    },
  },
}
`;
