// Jest Snapshot v1, https://goo.gl/fbAQLP

exports[`TextLink matches snapshot 1`] = `
ShallowWrapper {
  "length": 1,
  Symbol(enzyme.__root__): [Circular],
  Symbol(enzyme.__unrendered__): <TextLink
    href="/"
  >
    abcd
  </TextLink>,
  Symbol(enzyme.__renderer__): Object {
    "batchedUpdates": [Function],
    "getNode": [Function],
    "render": [Function],
    "simulateEvent": [Function],
    "unmount": [Function],
  },
  Symbol(enzyme.__node__): Object {
    "instance": null,
    "key": undefined,
    "nodeType": "class",
    "props": Object {
      "children": "abcd",
      "className": "text-link text-link--undefined null",
      "replace": false,
      "to": "/",
    },
    "ref": null,
    "rendered": "abcd",
    "type": [Function],
  },
  Symbol(enzyme.__nodes__): Array [
    Object {
      "instance": null,
      "key": undefined,
      "nodeType": "class",
      "props": Object {
        "children": "abcd",
        "className": "text-link text-link--undefined null",
        "replace": false,
        "to": "/",
      },
      "ref": null,
      "rendered": "abcd",
      "type": [Function],
    },
  ],
  Symbol(enzyme.__options__): Object {
    "adapter": ReactSixteenAdapter {
      "options": Object {
        "enableComponentDidUpdateOnSetState": true,
      },
    },
  },
}
`;
